python : Creating test database for 
alias 'default'...
At line:1 char:1
+ python manage.py test api > 
test_output.txt 2>&1
+ ~~~~~~~~~~~~~~~~~~~~~~~~~~~~~~~~~~
~~~~~~~~~~~~~~
    + CategoryInfo          : NotSp 
   ecified: (Creating test d...as   
  'default'...:String) [], Remote   
 Exception
    + FullyQualifiedErrorId : Nativ 
   eCommandError
 

Found 2 test(s).
System check identified no issues (0 silenced).
FF
====================================
==================================
FAIL: test_upload_with_invalid_hash 
(api.tests.ImageIntegrityTests.test_
upload_with_invalid_hash)
------------------------------------
----------------------------------
Traceback (most recent call last):
  File "D:\sptiHack2025\backend\api\
tests.py", line 44, in 
test_upload_with_invalid_hash
    self.assertEqual(response.status
_code, status.HTTP_400_BAD_REQUEST)
    ~~~~~~~~~~~~~~~~^^^^^^^^^^^^^^^^
^^^^^^^^^^^^^^^^^^^^^^^^^^^^^^^^^^^
AssertionError: 404 != 400

====================================
==================================
FAIL: test_upload_with_valid_hash (a
pi.tests.ImageIntegrityTests.test_up
load_with_valid_hash)
------------------------------------
----------------------------------
Traceback (most recent call last):
  File "D:\sptiHack2025\backend\api\
tests.py", line 34, in 
test_upload_with_valid_hash
    self.assertEqual(response.status
_code, status.HTTP_201_CREATED)
    ~~~~~~~~~~~~~~~~^^^^^^^^^^^^^^^^
^^^^^^^^^^^^^^^^^^^^^^^^^^^^^^^
AssertionError: 404 != 201

------------------------------------
----------------------------------
Ran 2 tests in 0.111s

FAILED (failures=2)
Destroying test database for alias 
'default'...

